../Core/Src/main.c:74:6:DataCallback	16	static
../Core/Src/main.c:80:6:ErrorCallback	8	static
../Core/Src/main.c:85:6:HAL_UART_RxCpltCallback	16	static
../Core/Src/main.c:95:6:HAL_UART_TxCpltCallback	16	static
../Core/Src/main.c:115:5:main	16	static
../Core/Src/main.c:180:6:SystemClock_Config	88	static
../Core/Src/main.c:226:13:MX_TIM1_Init	32	static
../Core/Src/main.c:272:13:MX_UART5_Init	8	static
../Core/Src/main.c:305:13:MX_USART1_UART_Init	8	static
../Core/Src/main.c:338:13:MX_GPIO_Init	64	static
../Core/Src/main.c:598:6:HAL_TIM_PeriodElapsedCallback	16	static
../Core/Src/main.c:615:6:Error_Handler	4	static,ignoring_inline_asm
