Archive member included to satisfy reference by file (symbol)

c:/st/stm32cubeide_1.8.0/stm32cubeide/plugins/com.st.stm32cube.ide.mcu.externaltools.gnu-tools-for-stm32.10.3-2021.10.win32_1.0.200.202301161003/tools/bin/../lib/gcc/arm-none-eabi/10.3.1/../../../../arm-none-eabi/lib/thumb/v7e-m+fp/hard\libc_nano.a(lib_a-errno.o)
                              ./Core/Src/syscalls.o (__errno)
c:/st/stm32cubeide_1.8.0/stm32cubeide/plugins/com.st.stm32cube.ide.mcu.externaltools.gnu-tools-for-stm32.10.3-2021.10.win32_1.0.200.202301161003/tools/bin/../lib/gcc/arm-none-eabi/10.3.1/../../../../arm-none-eabi/lib/thumb/v7e-m+fp/hard\libc_nano.a(lib_a-exit.o)
                              c:/st/stm32cubeide_1.8.0/stm32cubeide/plugins/com.st.stm32cube.ide.mcu.externaltools.gnu-tools-for-stm32.10.3-2021.10.win32_1.0.200.202301161003/tools/bin/../lib/gcc/arm-none-eabi/10.3.1/../../../../arm-none-eabi/lib/thumb/v7e-m+fp/hard/crt0.o (exit)
c:/st/stm32cubeide_1.8.0/stm32cubeide/plugins/com.st.stm32cube.ide.mcu.externaltools.gnu-tools-for-stm32.10.3-2021.10.win32_1.0.200.202301161003/tools/bin/../lib/gcc/arm-none-eabi/10.3.1/../../../../arm-none-eabi/lib/thumb/v7e-m+fp/hard\libc_nano.a(lib_a-impure.o)
                              c:/st/stm32cubeide_1.8.0/stm32cubeide/plugins/com.st.stm32cube.ide.mcu.externaltools.gnu-tools-for-stm32.10.3-2021.10.win32_1.0.200.202301161003/tools/bin/../lib/gcc/arm-none-eabi/10.3.1/../../../../arm-none-eabi/lib/thumb/v7e-m+fp/hard\libc_nano.a(lib_a-exit.o) (_global_impure_ptr)
c:/st/stm32cubeide_1.8.0/stm32cubeide/plugins/com.st.stm32cube.ide.mcu.externaltools.gnu-tools-for-stm32.10.3-2021.10.win32_1.0.200.202301161003/tools/bin/../lib/gcc/arm-none-eabi/10.3.1/../../../../arm-none-eabi/lib/thumb/v7e-m+fp/hard\libc_nano.a(lib_a-init.o)
                              c:/st/stm32cubeide_1.8.0/stm32cubeide/plugins/com.st.stm32cube.ide.mcu.externaltools.gnu-tools-for-stm32.10.3-2021.10.win32_1.0.200.202301161003/tools/bin/../lib/gcc/arm-none-eabi/10.3.1/../../../../arm-none-eabi/lib/thumb/v7e-m+fp/hard/crt0.o (__libc_init_array)
c:/st/stm32cubeide_1.8.0/stm32cubeide/plugins/com.st.stm32cube.ide.mcu.externaltools.gnu-tools-for-stm32.10.3-2021.10.win32_1.0.200.202301161003/tools/bin/../lib/gcc/arm-none-eabi/10.3.1/../../../../arm-none-eabi/lib/thumb/v7e-m+fp/hard\libc_nano.a(lib_a-memcpy-stub.o)
                              ./Core/STP/Src/STP_Slave.o (memcpy)
c:/st/stm32cubeide_1.8.0/stm32cubeide/plugins/com.st.stm32cube.ide.mcu.externaltools.gnu-tools-for-stm32.10.3-2021.10.win32_1.0.200.202301161003/tools/bin/../lib/gcc/arm-none-eabi/10.3.1/../../../../arm-none-eabi/lib/thumb/v7e-m+fp/hard\libc_nano.a(lib_a-memset.o)
                              c:/st/stm32cubeide_1.8.0/stm32cubeide/plugins/com.st.stm32cube.ide.mcu.externaltools.gnu-tools-for-stm32.10.3-2021.10.win32_1.0.200.202301161003/tools/bin/../lib/gcc/arm-none-eabi/10.3.1/../../../../arm-none-eabi/lib/thumb/v7e-m+fp/hard/crt0.o (memset)
c:/st/stm32cubeide_1.8.0/stm32cubeide/plugins/com.st.stm32cube.ide.mcu.externaltools.gnu-tools-for-stm32.10.3-2021.10.win32_1.0.200.202301161003/tools/bin/../lib/gcc/arm-none-eabi/10.3.1/thumb/v7e-m+fp/hard\libgcc.a(_aeabi_uldivmod.o)
                              ./Drivers/STM32F4xx_HAL_Driver/Src/stm32f4xx_hal_rcc.o (__aeabi_uldivmod)
c:/st/stm32cubeide_1.8.0/stm32cubeide/plugins/com.st.stm32cube.ide.mcu.externaltools.gnu-tools-for-stm32.10.3-2021.10.win32_1.0.200.202301161003/tools/bin/../lib/gcc/arm-none-eabi/10.3.1/thumb/v7e-m+fp/hard\libgcc.a(_udivmoddi4.o)
                              c:/st/stm32cubeide_1.8.0/stm32cubeide/plugins/com.st.stm32cube.ide.mcu.externaltools.gnu-tools-for-stm32.10.3-2021.10.win32_1.0.200.202301161003/tools/bin/../lib/gcc/arm-none-eabi/10.3.1/thumb/v7e-m+fp/hard\libgcc.a(_aeabi_uldivmod.o) (__udivmoddi4)
c:/st/stm32cubeide_1.8.0/stm32cubeide/plugins/com.st.stm32cube.ide.mcu.externaltools.gnu-tools-for-stm32.10.3-2021.10.win32_1.0.200.202301161003/tools/bin/../lib/gcc/arm-none-eabi/10.3.1/thumb/v7e-m+fp/hard\libgcc.a(_dvmd_tls.o)
                              c:/st/stm32cubeide_1.8.0/stm32cubeide/plugins/com.st.stm32cube.ide.mcu.externaltools.gnu-tools-for-stm32.10.3-2021.10.win32_1.0.200.202301161003/tools/bin/../lib/gcc/arm-none-eabi/10.3.1/thumb/v7e-m+fp/hard\libgcc.a(_aeabi_uldivmod.o) (__aeabi_ldiv0)

Discarded input sections

 .text          0x0000000000000000        0x0 c:/st/stm32cubeide_1.8.0/stm32cubeide/plugins/com.st.stm32cube.ide.mcu.externaltools.gnu-tools-for-stm32.10.3-2021.10.win32_1.0.200.202301161003/tools/bin/../lib/gcc/arm-none-eabi/10.3.1/thumb/v7e-m+fp/hard/crti.o
 .data          0x0000000000000000        0x0 c:/st/stm32cubeide_1.8.0/stm32cubeide/plugins/com.st.stm32cube.ide.mcu.externaltools.gnu-tools-for-stm32.10.3-2021.10.win32_1.0.200.202301161003/tools/bin/../lib/gcc/arm-none-eabi/10.3.1/thumb/v7e-m+fp/hard/crti.o
[...]
Memory Configuration

Name             Origin             Length             Attributes
CCMRAM           0x0000000010000000 0x0000000000010000 xrw
RAM              0x0000000020000000 0x0000000000030000 xrw
FLASH            0x0000000008000000 0x0000000000200000 xr
*default*        0x0000000000000000 0xffffffffffffffff

Linker script and memory map

LOAD c:/st/stm32cubeide_1.8.0/stm32cubeide/plugins/com.st.stm32cube.ide.mcu.externaltools.gnu-tools-for-stm32.10.3-2021.10.win32_1.0.200.202301161003/tools/bin/../lib/gcc/arm-none-eabi/10.3.1/thumb/v7e-m+fp/hard/crti.o
LOAD c:/st/stm32cubeide_1.8.0/stm32cubeide/plugins/com.st.stm32cube.ide.mcu.externaltools.gnu-tools-for-stm32.10.3-2021.10.win32_1.0.200.202301161003/tools/bin/../lib/gcc/arm-none-eabi/10.3.1/thumb/v7e-m+fp/hard/crtbegin.o
LOAD c:/st/stm32cubeide_1.8.0/stm32cubeide/plugins/com.st.stm32cube.ide.mcu.externaltools.gnu-tools-for-stm32.10.3-2021.10.win32_1.0.200.202301161003/tools/bin/../lib/gcc/arm-none-eabi/10.3.1/../../../../arm-none-eabi/lib/thumb/v7e-m+fp/hard/crt0.o
LOAD ./Core/STP/Src/Common_func.o
LOAD ./Core/STP/Src/STP_Slave.o
LOAD ./Core/Src/main.o
LOAD ./Core/Src/stm32f4xx_hal_msp.o
LOAD ./Core/Src/stm32f4xx_hal_timebase_tim.o
LOAD ./Core/Src/stm32f4xx_it.o
LOAD ./Core/Src/syscalls.o
LOAD ./Core/Src/sysmem.o
LOAD ./Core/Src/system_stm32f4xx.o
LOAD ./Core/Startup/startup_stm32f429zitx.o
LOAD ./Drivers/STM32F4xx_HAL_Driver/Src/stm32f4xx_hal.o
LOAD ./Drivers/STM32F4xx_HAL_Driver/Src/stm32f4xx_hal_cortex.o
LOAD ./Drivers/STM32F4xx_HAL_Driver/Src/stm32f4xx_hal_dma.o
LOAD ./Drivers/STM32F4xx_HAL_Driver/Src/stm32f4xx_hal_dma_ex.o
LOAD ./Drivers/STM32F4xx_HAL_Driver/Src/stm32f4xx_hal_exti.o
LOAD ./Drivers/STM32F4xx_HAL_Driver/Src/stm32f4xx_hal_flash.o
LOAD ./Drivers/STM32F4xx_HAL_Driver/Src/stm32f4xx_hal_flash_ex.o
LOAD ./Drivers/STM32F4xx_HAL_Driver/Src/stm32f4xx_hal_flash_ramfunc.o
LOAD ./Drivers/STM32F4xx_HAL_Driver/Src/stm32f4xx_hal_gpio.o
LOAD ./Drivers/STM32F4xx_HAL_Driver/Src/stm32f4xx_hal_pwr.o
LOAD ./Drivers/STM32F4xx_HAL_Driver/Src/stm32f4xx_hal_pwr_ex.o
LOAD ./Drivers/STM32F4xx_HAL_Driver/Src/stm32f4xx_hal_rcc.o
LOAD ./Drivers/STM32F4xx_HAL_Driver/Src/stm32f4xx_hal_rcc_ex.o
LOAD ./Drivers/STM32F4xx_HAL_Driver/Src/stm32f4xx_hal_tim.o
LOAD ./Drivers/STM32F4xx_HAL_Driver/Src/stm32f4xx_hal_tim_ex.o
LOAD ./Drivers/STM32F4xx_HAL_Driver/Src/stm32f4xx_hal_uart.o
START GROUP
LOAD c:/st/stm32cubeide_1.8.0/stm32cubeide/plugins/com.st.stm32cube.ide.mcu.externaltools.gnu-tools-for-stm32.10.3-2021.10.win32_1.0.200.202301161003/tools/bin/../lib/gcc/arm-none-eabi/10.3.1/../../../../arm-none-eabi/lib/thumb/v7e-m+fp/hard\libc_nano.a
LOAD c:/st/stm32cubeide_1.8.0/stm32cubeide/plugins/com.st.stm32cube.ide.mcu.externaltools.gnu-tools-for-stm32.10.3-2021.10.win32_1.0.200.202301161003/tools/bin/../lib/gcc/arm-none-eabi/10.3.1/../../../../arm-none-eabi/lib/thumb/v7e-m+fp/hard\libm.a
END GROUP
START GROUP
LOAD c:/st/stm32cubeide_1.8.0/stm32cubeide/plugins/com.st.stm32cube.ide.mcu.externaltools.gnu-tools-for-stm32.10.3-2021.10.win32_1.0.200.202301161003/tools/bin/../lib/gcc/arm-none-eabi/10.3.1/thumb/v7e-m+fp/hard\libgcc.a
LOAD c:/st/stm32cubeide_1.8.0/stm32cubeide/plugins/com.st.stm32cube.ide.mcu.externaltools.gnu-tools-for-stm32.10.3-2021.10.win32_1.0.200.202301161003/tools/bin/../lib/gcc/arm-none-eabi/10.3.1/../../../../arm-none-eabi/lib/thumb/v7e-m+fp/hard\libc_nano.a
END GROUP
START GROUP
LOAD c:/st/stm32cubeide_1.8.0/stm32cubeide/plugins/com.st.stm32cube.ide.mcu.externaltools.gnu-tools-for-stm32.10.3-2021.10.win32_1.0.200.202301161003/tools/bin/../lib/gcc/arm-none-eabi/10.3.1/thumb/v7e-m+fp/hard\libgcc.a
LOAD c:/st/stm32cubeide_1.8.0/stm32cubeide/plugins/com.st.stm32cube.ide.mcu.externaltools.gnu-tools-for-stm32.10.3-2021.10.win32_1.0.200.202301161003/tools/bin/../lib/gcc/arm-none-eabi/10.3.1/../../../../arm-none-eabi/lib/thumb/v7e-m+fp/hard\libc_nano.a
LOAD c:/st/stm32cubeide_1.8.0/stm32cubeide/plugins/com.st.stm32cube.ide.mcu.externaltools.gnu-tools-for-stm32.10.3-2021.10.win32_1.0.200.202301161003/tools/bin/../lib/gcc/arm-none-eabi/10.3.1/../../../../arm-none-eabi/lib/thumb/v7e-m+fp/hard\libnosys.a
END GROUP
START GROUP
LOAD c:/st/stm32cubeide_1.8.0/stm32cubeide/plugins/com.st.stm32cube.ide.mcu.externaltools.gnu-tools-for-stm32.10.3-2021.10.win32_1.0.200.202301161003/tools/bin/../lib/gcc/arm-none-eabi/10.3.1/thumb/v7e-m+fp/hard\libgcc.a
LOAD c:/st/stm32cubeide_1.8.0/stm32cubeide/plugins/com.st.stm32cube.ide.mcu.externaltools.gnu-tools-for-stm32.10.3-2021.10.win32_1.0.200.202301161003/tools/bin/../lib/gcc/arm-none-eabi/10.3.1/../../../../arm-none-eabi/lib/thumb/v7e-m+fp/hard\libc_nano.a
LOAD c:/st/stm32cubeide_1.8.0/stm32cubeide/plugins/com.st.stm32cube.ide.mcu.externaltools.gnu-tools-for-stm32.10.3-2021.10.win32_1.0.200.202301161003/tools/bin/../lib/gcc/arm-none-eabi/10.3.1/../../../../arm-none-eabi/lib/thumb/v7e-m+fp/hard\libnosys.a
END GROUP
LOAD c:/st/stm32cubeide_1.8.0/stm32cubeide/plugins/com.st.stm32cube.ide.mcu.externaltools.gnu-tools-for-stm32.10.3-2021.10.win32_1.0.200.202301161003/tools/bin/../lib/gcc/arm-none-eabi/10.3.1/thumb/v7e-m+fp/hard/crtend.o
LOAD c:/st/stm32cubeide_1.8.0/stm32cubeide/plugins/com.st.stm32cube.ide.mcu.externaltools.gnu-tools-for-stm32.10.3-2021.10.win32_1.0.200.202301161003/tools/bin/../lib/gcc/arm-none-eabi/10.3.1/thumb/v7e-m+fp/hard/crtn.o
                0x0000000020030000                _estack = (ORIGIN (RAM) + LENGTH (RAM))
                0x0000000000000200                _Min_Heap_Size = 0x200
                0x0000000000000400                _Min_Stack_Size = 0x400

.isr_vector     0x0000000008000000      0x1ac
                0x0000000008000000                . = ALIGN (0x4)
 *(.isr_vector)
 .isr_vector    0x0000000008000000      0x1ac ./Core/Startup/startup_stm32f429zitx.o
                0x0000000008000000                g_pfnVectors
                0x00000000080001ac                . = ALIGN (0x4)

.text           0x00000000080001ac     0x423c
                0x00000000080001ac                . = ALIGN (0x4)
 *(.text)
 .text          0x00000000080001ac       0x40 c:/st/stm32cubeide_1.8.0/stm32cubeide/plugins/com.st.stm32cube.ide.mcu.externaltools.gnu-tools-for-stm32.10.3-2021.10.win32_1.0.200.202301161003/tools/bin/../lib/gcc/arm-none-eabi/10.3.1/thumb/v7e-m+fp/hard/crtbegin.o
 .text          0x00000000080001ec       0x30 c:/st/stm32cubeide_1.8.0/stm32cubeide/plugins/com.st.stm32cube.ide.mcu.externaltools.gnu-tools-for-stm32.10.3-2021.10.win32_1.0.200.202301161003/tools/bin/../lib/gcc/arm-none-eabi/10.3.1/thumb/v7e-m+fp/hard\libgcc.a(_aeabi_uldivmod.o)
                0x00000000080001ec                __aeabi_uldivmod
 .text          0x000000000800021c      0x2d0 c:/st/stm32cubeide_1.8.0/stm32cubeide/plugins/com.st.stm32cube.ide.mcu.externaltools.gnu-tools-for-stm32.10.3-2021.10.win32_1.0.200.202301161003/tools/bin/../lib/gcc/arm-none-eabi/10.3.1/thumb/v7e-m+fp/hard\libgcc.a(_udivmoddi4.o)
                0x000000000800021c                __udivmoddi4
 .text          0x00000000080004ec        0x4 c:/st/stm32cubeide_1.8.0/stm32cubeide/plugins/com.st.stm32cube.ide.mcu.externaltools.gnu-tools-for-stm32.10.3-2021.10.win32_1.0.200.202301161003/tools/bin/../lib/gcc/arm-none-eabi/10.3.1/thumb/v7e-m+fp/hard\libgcc.a(_dvmd_tls.o)
                0x00000000080004ec                __aeabi_idiv0
                0x00000000080004ec                __aeabi_ldiv0
 *(.text*)
 .text.MODBUS_CRC16_v3
                0x00000000080004f0       0x58 ./Core/STP/Src/Common_func.o
                0x00000000080004f0                MODBUS_CRC16_v3
 .text.Slave_Frame_DePacker
                0x0000000008000548       0xae ./Core/STP/Src/STP_Slave.o
                0x0000000008000548                Slave_Frame_DePacker
 .text.Generate_Slave_Response
                0x00000000080005f6       0x9a ./Core/STP/Src/STP_Slave.o
                0x00000000080005f6                Generate_Slave_Response
 .text.Calculate_CRC
                0x0000000008000690       0x50 ./Core/STP/Src/STP_Slave.o
                0x0000000008000690                Calculate_CRC
 .text.Slave_Register_Response
                0x00000000080006e0      0x29c ./Core/STP/Src/STP_Slave.o
                0x00000000080006e0                Slave_Register_Response
 .text.Init_STP_Slave
                0x000000000800097c       0x32 ./Core/STP/Src/STP_Slave.o
                0x000000000800097c                Init_STP_Slave
 .text.Write_Request
                0x00000000080009ae      0x1a2 ./Core/STP/Src/STP_Slave.o
                0x00000000080009ae                Write_Request
 .text.Read_Request
                0x0000000008000b50      0x168 ./Core/STP/Src/STP_Slave.o
                0x0000000008000b50                Read_Request
 .text.Register_Write
                0x0000000008000cb8      0x14c ./Core/STP/Src/STP_Slave.o
                0x0000000008000cb8                Register_Write
 .text.DataCallback
                0x0000000008000e04       0x54 ./Core/Src/main.o
                0x0000000008000e04                DataCallback
 .text.ErrorCallback
                0x0000000008000e58       0x18 ./Core/Src/main.o
                0x0000000008000e58                ErrorCallback
 .text.HAL_UART_RxCpltCallback
                0x0000000008000e70       0x2c ./Core/Src/main.o
                0x0000000008000e70                HAL_UART_RxCpltCallback
 .text.HAL_UART_TxCpltCallback
                0x0000000008000e9c       0x34 ./Core/Src/main.o
                0x0000000008000e9c                HAL_UART_TxCpltCallback
 .text.main     0x0000000008000ed0       0xc4 ./Core/Src/main.o
                0x0000000008000ed0                main
 .text.SystemClock_Config
                0x0000000008000f94       0xd4 ./Core/Src/main.o
                0x0000000008000f94                SystemClock_Config
 .text.MX_TIM1_Init
                0x0000000008001068       0xa0 ./Core/Src/main.o
 .text.MX_UART5_Init
                0x0000000008001108       0x54 ./Core/Src/main.o
 .text.MX_USART1_UART_Init
                0x000000000800115c       0x54 ./Core/Src/main.o
 .text.MX_GPIO_Init
                0x00000000080011b0      0x4b4 ./Core/Src/main.o
 .text.HAL_TIM_PeriodElapsedCallback
                0x0000000008001664       0x24 ./Core/Src/main.o
                0x0000000008001664                HAL_TIM_PeriodElapsedCallback
 .text.Error_Handler
                0x0000000008001688        0xa ./Core/Src/main.o
                0x0000000008001688                Error_Handler
 *fill*         0x0000000008001692        0x2 
 .text.HAL_MspInit
                0x0000000008001694       0x50 ./Core/Src/stm32f4xx_hal_msp.o
                0x0000000008001694                HAL_MspInit
 .text.HAL_TIM_Base_MspInit
                0x00000000080016e4       0x44 ./Core/Src/stm32f4xx_hal_msp.o
                0x00000000080016e4                HAL_TIM_Base_MspInit
 .text.HAL_UART_MspInit
                0x0000000008001728      0x150 ./Core/Src/stm32f4xx_hal_msp.o
                0x0000000008001728                HAL_UART_MspInit
 .text.HAL_InitTick
                0x0000000008001878       0xf8 ./Core/Src/stm32f4xx_hal_timebase_tim.o
                0x0000000008001878                HAL_InitTick
 .text.NMI_Handler
                0x0000000008001970        0x6 ./Core/Src/stm32f4xx_it.o
                0x0000000008001970                NMI_Handler
 .text.HardFault_Handler
                0x0000000008001976        0x6 ./Core/Src/stm32f4xx_it.o
                0x0000000008001976                HardFault_Handler
 .text.MemManage_Handler
                0x000000000800197c        0x6 ./Core/Src/stm32f4xx_it.o
                0x000000000800197c                MemManage_Handler
 .text.BusFault_Handler
                0x0000000008001982        0x6 ./Core/Src/stm32f4xx_it.o
                0x0000000008001982                BusFault_Handler
 .text.UsageFault_Handler
                0x0000000008001988        0x6 ./Core/Src/stm32f4xx_it.o
                0x0000000008001988                UsageFault_Handler
 .text.SVC_Handler
                0x000000000800198e        0xe ./Core/Src/stm32f4xx_it.o
                0x000000000800198e                SVC_Handler
 .text.DebugMon_Handler
                0x000000000800199c        0xe ./Core/Src/stm32f4xx_it.o
                0x000000000800199c                DebugMon_Handler
 .text.PendSV_Handler
                0x00000000080019aa        0xe ./Core/Src/stm32f4xx_it.o
                0x00000000080019aa                PendSV_Handler
 .text.SysTick_Handler
                0x00000000080019b8        0xe ./Core/Src/stm32f4xx_it.o
                0x00000000080019b8                SysTick_Handler
 *fill*         0x00000000080019c6        0x2 
 .text.UART5_IRQHandler
                0x00000000080019c8       0x14 ./Core/Src/stm32f4xx_it.o
                0x00000000080019c8                UART5_IRQHandler
 .text.TIM6_DAC_IRQHandler
                0x00000000080019dc       0x14 ./Core/Src/stm32f4xx_it.o
                0x00000000080019dc                TIM6_DAC_IRQHandler
 .text.SystemInit
                0x00000000080019f0       0x24 ./Core/Src/system_stm32f4xx.o
                0x00000000080019f0                SystemInit
 .text.Reset_Handler
                0x0000000008001a14       0x50 ./Core/Startup/startup_stm32f429zitx.o
                0x0000000008001a14                Reset_Handler
 .text.Default_Handler
                0x0000000008001a64        0x2 ./Core/Startup/startup_stm32f429zitx.o
                0x0000000008001a64                RTC_Alarm_IRQHandler
                0x0000000008001a64                HASH_RNG_IRQHandler
                0x0000000008001a64                EXTI2_IRQHandler
                0x0000000008001a64                TIM8_CC_IRQHandler
                0x0000000008001a64                UART8_IRQHandler
                0x0000000008001a64                SPI4_IRQHandler
                0x0000000008001a64                TIM1_CC_IRQHandler
                0x0000000008001a64                DMA2_Stream5_IRQHandler
                0x0000000008001a64                DMA1_Stream5_IRQHandler
                0x0000000008001a64                PVD_IRQHandler
                0x0000000008001a64                SDIO_IRQHandler
                0x0000000008001a64                TAMP_STAMP_IRQHandler
                0x0000000008001a64                CAN2_RX1_IRQHandler
                0x0000000008001a64                EXTI3_IRQHandler
                0x0000000008001a64                TIM8_TRG_COM_TIM14_IRQHandler
                0x0000000008001a64                TIM1_UP_TIM10_IRQHandler
                0x0000000008001a64                TIM8_UP_TIM13_IRQHandler
                0x0000000008001a64                I2C3_ER_IRQHandler
                0x0000000008001a64                EXTI0_IRQHandler
                0x0000000008001a64                I2C2_EV_IRQHandler
                0x0000000008001a64                DMA1_Stream2_IRQHandler
                0x0000000008001a64                CAN1_RX0_IRQHandler
                0x0000000008001a64                FPU_IRQHandler
                0x0000000008001a64                OTG_HS_WKUP_IRQHandler
                0x0000000008001a64                LTDC_ER_IRQHandler
                0x0000000008001a64                CAN2_SCE_IRQHandler
                0x0000000008001a64                DMA2_Stream2_IRQHandler
                0x0000000008001a64                SPI1_IRQHandler
                0x0000000008001a64                TIM1_BRK_TIM9_IRQHandler
                0x0000000008001a64                DCMI_IRQHandler
                0x0000000008001a64                CAN2_RX0_IRQHandler
                0x0000000008001a64                DMA2_Stream3_IRQHandler
                0x0000000008001a64                USART6_IRQHandler
                0x0000000008001a64                USART3_IRQHandler
                0x0000000008001a64                CAN1_RX1_IRQHandler
                0x0000000008001a64                DMA2_Stream0_IRQHandler
                0x0000000008001a64                TIM4_IRQHandler
                0x0000000008001a64                I2C1_EV_IRQHandler
                0x0000000008001a64                DMA1_Stream6_IRQHandler
                0x0000000008001a64                DMA1_Stream1_IRQHandler
                0x0000000008001a64                UART4_IRQHandler
                0x0000000008001a64                TIM3_IRQHandler
                0x0000000008001a64                RCC_IRQHandler
                0x0000000008001a64                TIM8_BRK_TIM12_IRQHandler
                0x0000000008001a64                Default_Handler
                0x0000000008001a64                EXTI15_10_IRQHandler
                0x0000000008001a64                ADC_IRQHandler
                0x0000000008001a64                DMA1_Stream7_IRQHandler
                0x0000000008001a64                SPI5_IRQHandler
                0x0000000008001a64                TIM7_IRQHandler
                0x0000000008001a64                CAN2_TX_IRQHandler
                0x0000000008001a64                TIM5_IRQHandler
                0x0000000008001a64                DMA2_Stream7_IRQHandler
                0x0000000008001a64                I2C3_EV_IRQHandler
                0x0000000008001a64                EXTI9_5_IRQHandler
                0x0000000008001a64                RTC_WKUP_IRQHandler
                0x0000000008001a64                LTDC_IRQHandler
                0x0000000008001a64                ETH_WKUP_IRQHandler
                0x0000000008001a64                SPI2_IRQHandler
                0x0000000008001a64                OTG_HS_EP1_IN_IRQHandler
                0x0000000008001a64                DMA1_Stream0_IRQHandler
                0x0000000008001a64                CAN1_TX_IRQHandler
                0x0000000008001a64                EXTI4_IRQHandler
                0x0000000008001a64                ETH_IRQHandler
                0x0000000008001a64                OTG_HS_EP1_OUT_IRQHandler
                0x0000000008001a64                WWDG_IRQHandler
                0x0000000008001a64                SPI6_IRQHandler
                0x0000000008001a64                TIM2_IRQHandler
                0x0000000008001a64                OTG_FS_WKUP_IRQHandler
                0x0000000008001a64                TIM1_TRG_COM_TIM11_IRQHandler
                0x0000000008001a64                OTG_HS_IRQHandler
                0x0000000008001a64                DMA2D_IRQHandler
                0x0000000008001a64                EXTI1_IRQHandler
                0x0000000008001a64                UART7_IRQHandler
                0x0000000008001a64                USART2_IRQHandler
                0x0000000008001a64                I2C2_ER_IRQHandler
                0x0000000008001a64                DMA2_Stream1_IRQHandler
                0x0000000008001a64                CAN1_SCE_IRQHandler
                0x0000000008001a64                FLASH_IRQHandler
                0x0000000008001a64                DMA2_Stream4_IRQHandler
                0x0000000008001a64                USART1_IRQHandler
                0x0000000008001a64                OTG_FS_IRQHandler
                0x0000000008001a64                SPI3_IRQHandler
                0x0000000008001a64                DMA1_Stream4_IRQHandler
                0x0000000008001a64                I2C1_ER_IRQHandler
                0x0000000008001a64                FMC_IRQHandler
                0x0000000008001a64                DMA2_Stream6_IRQHandler
                0x0000000008001a64                SAI1_IRQHandler
                0x0000000008001a64                DMA1_Stream3_IRQHandler
 *fill*         0x0000000008001a66        0x2 
 .text.HAL_Init
                0x0000000008001a68       0x44 ./Drivers/STM32F4xx_HAL_Driver/Src/stm32f4xx_hal.o
                0x0000000008001a68                HAL_Init
 .text.HAL_IncTick
                0x0000000008001aac       0x28 ./Drivers/STM32F4xx_HAL_Driver/Src/stm32f4xx_hal.o
                0x0000000008001aac                HAL_IncTick
 .text.HAL_GetTick
                0x0000000008001ad4       0x18 ./Drivers/STM32F4xx_HAL_Driver/Src/stm32f4xx_hal.o
                0x0000000008001ad4                HAL_GetTick
 .text.__NVIC_SetPriorityGrouping
                0x0000000008001aec       0x48 ./Drivers/STM32F4xx_HAL_Driver/Src/stm32f4xx_hal_cortex.o
 .text.__NVIC_GetPriorityGrouping
                0x0000000008001b34       0x1c ./Drivers/STM32F4xx_HAL_Driver/Src/stm32f4xx_hal_cortex.o
 .text.__NVIC_EnableIRQ
                0x0000000008001b50       0x3c ./Drivers/STM32F4xx_HAL_Driver/Src/stm32f4xx_hal_cortex.o
 .text.__NVIC_SetPriority
                0x0000000008001b8c       0x54 ./Drivers/STM32F4xx_HAL_Driver/Src/stm32f4xx_hal_cortex.o
 .text.NVIC_EncodePriority
                0x0000000008001be0       0x66 ./Drivers/STM32F4xx_HAL_Driver/Src/stm32f4xx_hal_cortex.o
 .text.HAL_NVIC_SetPriorityGrouping
                0x0000000008001c46       0x16 ./Drivers/STM32F4xx_HAL_Driver/Src/stm32f4xx_hal_cortex.o
                0x0000000008001c46                HAL_NVIC_SetPriorityGrouping
 .text.HAL_NVIC_SetPriority
                0x0000000008001c5c       0x38 ./Drivers/STM32F4xx_HAL_Driver/Src/stm32f4xx_hal_cortex.o
                0x0000000008001c5c                HAL_NVIC_SetPriority
 .text.HAL_NVIC_EnableIRQ
                0x0000000008001c94       0x1c ./Drivers/STM32F4xx_HAL_Driver/Src/stm32f4xx_hal_cortex.o
                0x0000000008001c94                HAL_NVIC_EnableIRQ
 .text.HAL_DMA_Abort
                0x0000000008001cb0       0xe0 ./Drivers/STM32F4xx_HAL_Driver/Src/stm32f4xx_hal_dma.o
                0x0000000008001cb0                HAL_DMA_Abort
 .text.HAL_DMA_Abort_IT
                0x0000000008001d90       0x44 ./Drivers/STM32F4xx_HAL_Driver/Src/stm32f4xx_hal_dma.o
                0x0000000008001d90                HAL_DMA_Abort_IT
 .text.HAL_GPIO_Init
                0x0000000008001dd4      0x358 ./Drivers/STM32F4xx_HAL_Driver/Src/stm32f4xx_hal_gpio.o
                0x0000000008001dd4                HAL_GPIO_Init
 .text.HAL_GPIO_WritePin
                0x000000000800212c       0x32 ./Drivers/STM32F4xx_HAL_Driver/Src/stm32f4xx_hal_gpio.o
                0x000000000800212c                HAL_GPIO_WritePin
 *fill*         0x000000000800215e        0x2 
 .text.HAL_RCC_OscConfig
                0x0000000008002160      0x4f0 ./Drivers/STM32F4xx_HAL_Driver/Src/stm32f4xx_hal_rcc.o
                0x0000000008002160                HAL_RCC_OscConfig
 .text.HAL_RCC_ClockConfig
                0x0000000008002650      0x1cc ./Drivers/STM32F4xx_HAL_Driver/Src/stm32f4xx_hal_rcc.o
                0x0000000008002650                HAL_RCC_ClockConfig
 .text.HAL_RCC_GetSysClockFreq
                0x000000000800281c      0x20c ./Drivers/STM32F4xx_HAL_Driver/Src/stm32f4xx_hal_rcc.o
                0x000000000800281c                HAL_RCC_GetSysClockFreq
 .text.HAL_RCC_GetHCLKFreq
                0x0000000008002a28       0x18 ./Drivers/STM32F4xx_HAL_Driver/Src/stm32f4xx_hal_rcc.o
                0x0000000008002a28                HAL_RCC_GetHCLKFreq
 .text.HAL_RCC_GetPCLK1Freq
                0x0000000008002a40       0x28 ./Drivers/STM32F4xx_HAL_Driver/Src/stm32f4xx_hal_rcc.o
                0x0000000008002a40                HAL_RCC_GetPCLK1Freq
 .text.HAL_RCC_GetPCLK2Freq
                0x0000000008002a68       0x28 ./Drivers/STM32F4xx_HAL_Driver/Src/stm32f4xx_hal_rcc.o
                0x0000000008002a68                HAL_RCC_GetPCLK2Freq
 .text.HAL_RCC_GetClockConfig
                0x0000000008002a90       0x64 ./Drivers/STM32F4xx_HAL_Driver/Src/stm32f4xx_hal_rcc.o
                0x0000000008002a90                HAL_RCC_GetClockConfig
 .text.HAL_TIM_Base_Init
                0x0000000008002af4       0x9e ./Drivers/STM32F4xx_HAL_Driver/Src/stm32f4xx_hal_tim.o
                0x0000000008002af4                HAL_TIM_Base_Init
 *fill*         0x0000000008002b92        0x2 
 .text.HAL_TIM_Base_Start_IT
                0x0000000008002b94       0xe0 ./Drivers/STM32F4xx_HAL_Driver/Src/stm32f4xx_hal_tim.o
                0x0000000008002b94                HAL_TIM_Base_Start_IT
 .text.HAL_TIM_IRQHandler
                0x0000000008002c74      0x210 ./Drivers/STM32F4xx_HAL_Driver/Src/stm32f4xx_hal_tim.o
                0x0000000008002c74                HAL_TIM_IRQHandler
 .text.HAL_TIM_ConfigClockSource
                0x0000000008002e84      0x18e ./Drivers/STM32F4xx_HAL_Driver/Src/stm32f4xx_hal_tim.o
                0x0000000008002e84                HAL_TIM_ConfigClockSource
 .text.HAL_TIM_OC_DelayElapsedCallback
                0x0000000008003012       0x14 ./Drivers/STM32F4xx_HAL_Driver/Src/stm32f4xx_hal_tim.o
                0x0000000008003012                HAL_TIM_OC_DelayElapsedCallback
 .text.HAL_TIM_IC_CaptureCallback
                0x0000000008003026       0x14 ./Drivers/STM32F4xx_HAL_Driver/Src/stm32f4xx_hal_tim.o
                0x0000000008003026                HAL_TIM_IC_CaptureCallback
 .text.HAL_TIM_PWM_PulseFinishedCallback
                0x000000000800303a       0x14 ./Drivers/STM32F4xx_HAL_Driver/Src/stm32f4xx_hal_tim.o
                0x000000000800303a                HAL_TIM_PWM_PulseFinishedCallback
 .text.HAL_TIM_TriggerCallback
                0x000000000800304e       0x14 ./Drivers/STM32F4xx_HAL_Driver/Src/stm32f4xx_hal_tim.o
                0x000000000800304e                HAL_TIM_TriggerCallback
 *fill*         0x0000000008003062        0x2 
 .text.TIM_Base_SetConfig
                0x0000000008003064      0x140 ./Drivers/STM32F4xx_HAL_Driver/Src/stm32f4xx_hal_tim.o
                0x0000000008003064                TIM_Base_SetConfig
 .text.TIM_TI1_ConfigInputStage
                0x00000000080031a4       0x5e ./Drivers/STM32F4xx_HAL_Driver/Src/stm32f4xx_hal_tim.o
 .text.TIM_TI2_ConfigInputStage
                0x0000000008003202       0x60 ./Drivers/STM32F4xx_HAL_Driver/Src/stm32f4xx_hal_tim.o
 .text.TIM_ITRx_SetConfig
                0x0000000008003262       0x36 ./Drivers/STM32F4xx_HAL_Driver/Src/stm32f4xx_hal_tim.o
 .text.TIM_ETR_SetConfig
                0x0000000008003298       0x40 ./Drivers/STM32F4xx_HAL_Driver/Src/stm32f4xx_hal_tim.o
                0x0000000008003298                TIM_ETR_SetConfig
 .text.HAL_TIMEx_MasterConfigSynchronization
                0x00000000080032d8       0xf8 ./Drivers/STM32F4xx_HAL_Driver/Src/stm32f4xx_hal_tim_ex.o
                0x00000000080032d8                HAL_TIMEx_MasterConfigSynchronization
 .text.HAL_TIMEx_CommutCallback
                0x00000000080033d0       0x14 ./Drivers/STM32F4xx_HAL_Driver/Src/stm32f4xx_hal_tim_ex.o
                0x00000000080033d0                HAL_TIMEx_CommutCallback
 .text.HAL_TIMEx_BreakCallback
                0x00000000080033e4       0x14 ./Drivers/STM32F4xx_HAL_Driver/Src/stm32f4xx_hal_tim_ex.o
                0x00000000080033e4                HAL_TIMEx_BreakCallback
 .text.HAL_UART_Init
                0x00000000080033f8       0x9a ./Drivers/STM32F4xx_HAL_Driver/Src/stm32f4xx_hal_uart.o
                0x00000000080033f8                HAL_UART_Init
 .text.HAL_UART_Transmit_IT
                0x0000000008003492       0x8a ./Drivers/STM32F4xx_HAL_Driver/Src/stm32f4xx_hal_uart.o
                0x0000000008003492                HAL_UART_Transmit_IT
 .text.HAL_UART_Receive_IT
                0x000000000800351c       0x60 ./Drivers/STM32F4xx_HAL_Driver/Src/stm32f4xx_hal_uart.o
                0x000000000800351c                HAL_UART_Receive_IT
 .text.HAL_UART_IRQHandler
                0x000000000800357c      0x51c ./Drivers/STM32F4xx_HAL_Driver/Src/stm32f4xx_hal_uart.o
                0x000000000800357c                HAL_UART_IRQHandler
 .text.HAL_UART_ErrorCallback
                0x0000000008003a98       0x14 ./Drivers/STM32F4xx_HAL_Driver/Src/stm32f4xx_hal_uart.o
                0x0000000008003a98                HAL_UART_ErrorCallback
 .text.HAL_UARTEx_RxEventCallback
                0x0000000008003aac       0x18 ./Drivers/STM32F4xx_HAL_Driver/Src/stm32f4xx_hal_uart.o
                0x0000000008003aac                HAL_UARTEx_RxEventCallback
 .text.UART_Start_Receive_IT
                0x0000000008003ac4       0x7c ./Drivers/STM32F4xx_HAL_Driver/Src/stm32f4xx_hal_uart.o
                0x0000000008003ac4                UART_Start_Receive_IT
 .text.UART_EndRxTransfer
                0x0000000008003b40       0xc6 ./Drivers/STM32F4xx_HAL_Driver/Src/stm32f4xx_hal_uart.o
 .text.UART_DMAAbortOnError
                0x0000000008003c06       0x28 ./Drivers/STM32F4xx_HAL_Driver/Src/stm32f4xx_hal_uart.o
 .text.UART_Transmit_IT
                0x0000000008003c2e       0xa0 ./Drivers/STM32F4xx_HAL_Driver/Src/stm32f4xx_hal_uart.o
 .text.UART_EndTransmit_IT
                0x0000000008003cce       0x30 ./Drivers/STM32F4xx_HAL_Driver/Src/stm32f4xx_hal_uart.o
 .text.UART_Receive_IT
                0x0000000008003cfe      0x176 ./Drivers/STM32F4xx_HAL_Driver/Src/stm32f4xx_hal_uart.o
 .text.UART_SetConfig
                0x0000000008003e74      0x4e8 ./Drivers/STM32F4xx_HAL_Driver/Src/stm32f4xx_hal_uart.o
 .text.__libc_init_array
                0x000000000800435c       0x48 c:/st/stm32cubeide_1.8.0/stm32cubeide/plugins/com.st.stm32cube.ide.mcu.externaltools.gnu-tools-for-stm32.10.3-2021.10.win32_1.0.200.202301161003/tools/bin/../lib/gcc/arm-none-eabi/10.3.1/../../../../arm-none-eabi/lib/thumb/v7e-m+fp/hard\libc_nano.a(lib_a-init.o)
                0x000000000800435c                __libc_init_array
 .text.memcpy   0x00000000080043a4       0x1c c:/st/stm32cubeide_1.8.0/stm32cubeide/plugins/com.st.stm32cube.ide.mcu.externaltools.gnu-tools-for-stm32.10.3-2021.10.win32_1.0.200.202301161003/tools/bin/../lib/gcc/arm-none-eabi/10.3.1/../../../../arm-none-eabi/lib/thumb/v7e-m+fp/hard\libc_nano.a(lib_a-memcpy-stub.o)
                0x00000000080043a4                memcpy
 .text.memset   0x00000000080043c0       0x10 c:/st/stm32cubeide_1.8.0/stm32cubeide/plugins/com.st.stm32cube.ide.mcu.externaltools.gnu-tools-for-stm32.10.3-2021.10.win32_1.0.200.202301161003/tools/bin/../lib/gcc/arm-none-eabi/10.3.1/../../../../arm-none-eabi/lib/thumb/v7e-m+fp/hard\libc_nano.a(lib_a-memset.o)
                0x00000000080043c0                memset
 *(.glue_7)
 .glue_7        0x00000000080043d0        0x0 linker stubs
 *(.glue_7t)
 .glue_7t       0x00000000080043d0        0x0 linker stubs
 *(.eh_frame)
 .eh_frame      0x00000000080043d0        0x0 c:/st/stm32cubeide_1.8.0/stm32cubeide/plugins/com.st.stm32cube.ide.mcu.externaltools.gnu-tools-for-stm32.10.3-2021.10.win32_1.0.200.202301161003/tools/bin/../lib/gcc/arm-none-eabi/10.3.1/thumb/v7e-m+fp/hard/crtbegin.o
 *(.init)
 .init          0x00000000080043d0        0x4 c:/st/stm32cubeide_1.8.0/stm32cubeide/plugins/com.st.stm32cube.ide.mcu.externaltools.gnu-tools-for-stm32.10.3-2021.10.win32_1.0.200.202301161003/tools/bin/../lib/gcc/arm-none-eabi/10.3.1/thumb/v7e-m+fp/hard/crti.o
                0x00000000080043d0                _init
 .init          0x00000000080043d4        0x8 c:/st/stm32cubeide_1.8.0/stm32cubeide/plugins/com.st.stm32cube.ide.mcu.externaltools.gnu-tools-for-stm32.10.3-2021.10.win32_1.0.200.202301161003/tools/bin/../lib/gcc/arm-none-eabi/10.3.1/thumb/v7e-m+fp/hard/crtn.o
 *(.fini)
 .fini          0x00000000080043dc        0x4 c:/st/stm32cubeide_1.8.0/stm32cubeide/plugins/com.st.stm32cube.ide.mcu.externaltools.gnu-tools-for-stm32.10.3-2021.10.win32_1.0.200.202301161003/tools/bin/../lib/gcc/arm-none-eabi/10.3.1/thumb/v7e-m+fp/hard/crti.o
                0x00000000080043dc                _fini
 .fini          0x00000000080043e0        0x8 c:/st/stm32cubeide_1.8.0/stm32cubeide/plugins/com.st.stm32cube.ide.mcu.externaltools.gnu-tools-for-stm32.10.3-2021.10.win32_1.0.200.202301161003/tools/bin/../lib/gcc/arm-none-eabi/10.3.1/thumb/v7e-m+fp/hard/crtn.o
                0x00000000080043e8                . = ALIGN (0x4)
                0x00000000080043e8                _etext = .

.vfp11_veneer   0x00000000080043e8        0x0
 .vfp11_veneer  0x00000000080043e8        0x0 linker stubs

.v4_bx          0x00000000080043e8        0x0
 .v4_bx         0x00000000080043e8        0x0 linker stubs

.iplt           0x00000000080043e8        0x0
 .iplt          0x00000000080043e8        0x0 c:/st/stm32cubeide_1.8.0/stm32cubeide/plugins/com.st.stm32cube.ide.mcu.externaltools.gnu-tools-for-stm32.10.3-2021.10.win32_1.0.200.202301161003/tools/bin/../lib/gcc/arm-none-eabi/10.3.1/thumb/v7e-m+fp/hard/crtbegin.o

.rodata         0x00000000080043e8      0x218
                0x00000000080043e8                . = ALIGN (0x4)
 *(.rodata)
 *(.rodata*)
 .rodata.table.0
                0x00000000080043e8      0x200 ./Core/STP/Src/Common_func.o
 .rodata.AHBPrescTable
                0x00000000080045e8       0x10 ./Core/Src/system_stm32f4xx.o
                0x00000000080045e8                AHBPrescTable
 .rodata.APBPrescTable
                0x00000000080045f8        0x8 ./Core/Src/system_stm32f4xx.o
                0x00000000080045f8                APBPrescTable
                0x0000000008004600                . = ALIGN (0x4)

.ARM.extab      0x0000000008004600        0x0
                0x0000000008004600                . = ALIGN (0x4)
 *(.ARM.extab* .gnu.linkonce.armextab.*)
                0x0000000008004600                . = ALIGN (0x4)

.ARM            0x0000000008004600        0x8
                0x0000000008004600                . = ALIGN (0x4)
                0x0000000008004600                __exidx_start = .
 *(.ARM.exidx*)
 .ARM.exidx     0x0000000008004600        0x8 c:/st/stm32cubeide_1.8.0/stm32cubeide/plugins/com.st.stm32cube.ide.mcu.externaltools.gnu-tools-for-stm32.10.3-2021.10.win32_1.0.200.202301161003/tools/bin/../lib/gcc/arm-none-eabi/10.3.1/thumb/v7e-m+fp/hard\libgcc.a(_udivmoddi4.o)
                0x0000000008004608                __exidx_end = .
                0x0000000008004608                . = ALIGN (0x4)

.rel.dyn        0x0000000008004608        0x0
 .rel.iplt      0x0000000008004608        0x0 c:/st/stm32cubeide_1.8.0/stm32cubeide/plugins/com.st.stm32cube.ide.mcu.externaltools.gnu-tools-for-stm32.10.3-2021.10.win32_1.0.200.202301161003/tools/bin/../lib/gcc/arm-none-eabi/10.3.1/thumb/v7e-m+fp/hard/crtbegin.o

.preinit_array  0x0000000008004608        0x0
                0x0000000008004608                . = ALIGN (0x4)
                0x0000000008004608                PROVIDE (__preinit_array_start = .)
 *(.preinit_array*)
                0x0000000008004608                PROVIDE (__preinit_array_end = .)
                0x0000000008004608                . = ALIGN (0x4)

.init_array     0x0000000008004608        0x4
                0x0000000008004608                . = ALIGN (0x4)
                0x0000000008004608                PROVIDE (__init_array_start = .)
 *(SORT_BY_NAME(.init_array.*))
 *(.init_array*)
 .init_array    0x0000000008004608        0x4 c:/st/stm32cubeide_1.8.0/stm32cubeide/plugins/com.st.stm32cube.ide.mcu.externaltools.gnu-tools-for-stm32.10.3-2021.10.win32_1.0.200.202301161003/tools/bin/../lib/gcc/arm-none-eabi/10.3.1/thumb/v7e-m+fp/hard/crtbegin.o
                0x000000000800460c                PROVIDE (__init_array_end = .)
                0x000000000800460c                . = ALIGN (0x4)

.fini_array     0x000000000800460c        0x4
                0x000000000800460c                . = ALIGN (0x4)
                [!provide]                        PROVIDE (__fini_array_start = .)
 *(SORT_BY_NAME(.fini_array.*))
 *(.fini_array*)
 .fini_array    0x000000000800460c        0x4 c:/st/stm32cubeide_1.8.0/stm32cubeide/plugins/com.st.stm32cube.ide.mcu.externaltools.gnu-tools-for-stm32.10.3-2021.10.win32_1.0.200.202301161003/tools/bin/../lib/gcc/arm-none-eabi/10.3.1/thumb/v7e-m+fp/hard/crtbegin.o
                [!provide]                        PROVIDE (__fini_array_end = .)
                0x0000000008004610                . = ALIGN (0x4)
                0x0000000008004610                _sidata = LOADADDR (.data)

.data           0x0000000020000000       0x2c load address 0x0000000008004610
                0x0000000020000000                . = ALIGN (0x4)
                0x0000000020000000                _sdata = .
 *(.data)
 *(.data*)
 .data.RegData  0x0000000020000000       0x20 ./Core/Src/main.o
                0x0000000020000000                RegData
 .data.SystemCoreClock
                0x0000000020000020        0x4 ./Core/Src/system_stm32f4xx.o
                0x0000000020000020                SystemCoreClock
 .data.uwTickPrio
                0x0000000020000024        0x4 ./Drivers/STM32F4xx_HAL_Driver/Src/stm32f4xx_hal.o
                0x0000000020000024                uwTickPrio
 .data.uwTickFreq
                0x0000000020000028        0x1 ./Drivers/STM32F4xx_HAL_Driver/Src/stm32f4xx_hal.o
                0x0000000020000028                uwTickFreq
 *(.RamFunc)
 *(.RamFunc*)
                0x000000002000002c                . = ALIGN (0x4)
 *fill*         0x0000000020000029        0x3 
                0x000000002000002c                _edata = .
                0x000000000800463c                _siccmram = LOADADDR (.ccmram)

.igot.plt       0x000000002000002c        0x0 load address 0x000000000800463c
 .igot.plt      0x000000002000002c        0x0 c:/st/stm32cubeide_1.8.0/stm32cubeide/plugins/com.st.stm32cube.ide.mcu.externaltools.gnu-tools-for-stm32.10.3-2021.10.win32_1.0.200.202301161003/tools/bin/../lib/gcc/arm-none-eabi/10.3.1/thumb/v7e-m+fp/hard/crtbegin.o

.ccmram         0x0000000010000000        0x0 load address 0x000000000800463c
                0x0000000010000000                . = ALIGN (0x4)
                0x0000000010000000                _sccmram = .
 *(.ccmram)
 *(.ccmram*)
                0x0000000010000000                . = ALIGN (0x4)
                0x0000000010000000                _eccmram = .
                0x0000000010000000                . = ALIGN (0x4)

.bss            0x000000002000002c      0x35c
                0x000000002000002c                _sbss = .
                0x000000002000002c                __bss_start__ = _sbss
 *(.bss)
 .bss           0x000000002000002c       0x1c c:/st/stm32cubeide_1.8.0/stm32cubeide/plugins/com.st.stm32cube.ide.mcu.externaltools.gnu-tools-for-stm32.10.3-2021.10.win32_1.0.200.202301161003/tools/bin/../lib/gcc/arm-none-eabi/10.3.1/thumb/v7e-m+fp/hard/crtbegin.o
 *(.bss*)
 .bss.Slave_Register
                0x0000000020000048      0x100 ./Core/STP/Src/STP_Slave.o
 .bss.htim1     0x0000000020000148       0x48 ./Core/Src/main.o
                0x0000000020000148                htim1
 .bss.huart5    0x0000000020000190       0x44 ./Core/Src/main.o
                0x0000000020000190                huart5
 .bss.huart1    0x00000000200001d4       0x44 ./Core/Src/main.o
                0x00000000200001d4                huart1
 .bss.STP       0x0000000020000218       0xa8 ./Core/Src/main.o
                0x0000000020000218                STP
 .bss.Receive_buffer
                0x00000000200002c0       0x28 ./Core/Src/main.o
                0x00000000200002c0                Receive_buffer
 .bss.Transmit_buffer
                0x00000000200002e8       0x28 ./Core/Src/main.o
                0x00000000200002e8                Transmit_buffer
 .bss.Slave_Receiving_Frame
                0x0000000020000310       0x28 ./Core/Src/main.o
                0x0000000020000310                Slave_Receiving_Frame
 .bss.Response_Ready
                0x0000000020000338        0x1 ./Core/Src/main.o
                0x0000000020000338                Response_Ready
 .bss.Receive_Completed
                0x0000000020000339        0x1 ./Core/Src/main.o
                0x0000000020000339                Receive_Completed
 *fill*         0x000000002000033a        0x2 
 .bss.htim6     0x000000002000033c       0x48 ./Core/Src/stm32f4xx_hal_timebase_tim.o
                0x000000002000033c                htim6
 .bss.uwTick    0x0000000020000384        0x4 ./Drivers/STM32F4xx_HAL_Driver/Src/stm32f4xx_hal.o
                0x0000000020000384                uwTick
 *(COMMON)
                0x0000000020000388                . = ALIGN (0x4)
                0x0000000020000388                _ebss = .
                0x0000000020000388                __bss_end__ = _ebss

._user_heap_stack
                0x0000000020000388      0x600
                0x0000000020000388                . = ALIGN (0x8)
                [!provide]                        PROVIDE (end = .)
                0x0000000020000388                PROVIDE (_end = .)
                0x0000000020000588                . = (. + _Min_Heap_Size)
 *fill*         0x0000000020000388      0x200 
                0x0000000020000988                . = (. + _Min_Stack_Size)
 *fill*         0x0000000020000588      0x400 
                0x0000000020000988                . = ALIGN (0x8)

/DISCARD/
 libc.a(*)
 libm.a(*)
 libgcc.a(*)

.ARM.attributes
                0x0000000000000000       0x30
 *(.ARM.attributes)
 .ARM.attributes
                0x0000000000000000       0x1e c:/st/stm32cubeide_1.8.0/stm32cubeide/plugins/com.st.stm32cube.ide.mcu.externaltools.gnu-tools-for-stm32.10.3-2021.10.win32_1.0.200.202301161003/tools/bin/../lib/gcc/arm-none-eabi/10.3.1/thumb/v7e-m+fp/hard/crti.o
 .ARM.attributes
                0x000000000000001e       0x34 c:/st/stm32cubeide_1.8.0/stm32cubeide/plugins/com.st.stm32cube.ide.mcu.externaltools.gnu-tools-for-stm32.10.3-2021.10.win32_1.0.200.202301161003/tools/bin/../lib/gcc/arm-none-eabi/10.3.1/thumb/v7e-m+fp/hard/crtbegin.o
 .ARM.attributes
                0x0000000000000052       0x34 ./Core/STP/Src/Common_func.o
 .ARM.attributes
                0x0000000000000086       0x34 ./Core/STP/Src/STP_Slave.o
 .ARM.attributes
                0x00000000000000ba       0x34 ./Core/Src/main.o
 .ARM.attributes
                0x00000000000000ee       0x34 ./Core/Src/stm32f4xx_hal_msp.o
 .ARM.attributes
                0x0000000000000122       0x34 ./Core/Src/stm32f4xx_hal_timebase_tim.o
 .ARM.attributes
                0x0000000000000156       0x34 ./Core/Src/stm32f4xx_it.o
 .ARM.attributes
                0x000000000000018a       0x34 ./Core/Src/system_stm32f4xx.o
 .ARM.attributes
                0x00000000000001be       0x21 ./Core/Startup/startup_stm32f429zitx.o
 .ARM.attributes
                0x00000000000001df       0x34 ./Drivers/STM32F4xx_HAL_Driver/Src/stm32f4xx_hal.o
 .ARM.attributes
                0x0000000000000213       0x34 ./Drivers/STM32F4xx_HAL_Driver/Src/stm32f4xx_hal_cortex.o
 .ARM.attributes
                0x0000000000000247       0x34 ./Drivers/STM32F4xx_HAL_Driver/Src/stm32f4xx_hal_dma.o
 .ARM.attributes
                0x000000000000027b       0x34 ./Drivers/STM32F4xx_HAL_Driver/Src/stm32f4xx_hal_gpio.o
 .ARM.attributes
                0x00000000000002af       0x34 ./Drivers/STM32F4xx_HAL_Driver/Src/stm32f4xx_hal_rcc.o
 .ARM.attributes
                0x00000000000002e3       0x34 ./Drivers/STM32F4xx_HAL_Driver/Src/stm32f4xx_hal_tim.o
 .ARM.attributes
                0x0000000000000317       0x34 ./Drivers/STM32F4xx_HAL_Driver/Src/stm32f4xx_hal_tim_ex.o
 .ARM.attributes
                0x000000000000034b       0x34 ./Drivers/STM32F4xx_HAL_Driver/Src/stm32f4xx_hal_uart.o
 .ARM.attributes
                0x000000000000037f       0x34 c:/st/stm32cubeide_1.8.0/stm32cubeide/plugins/com.st.stm32cube.ide.mcu.externaltools.gnu-tools-for-stm32.10.3-2021.10.win32_1.0.200.202301161003/tools/bin/../lib/gcc/arm-none-eabi/10.3.1/../../../../arm-none-eabi/lib/thumb/v7e-m+fp/hard\libc_nano.a(lib_a-init.o)
 .ARM.attributes
                0x00000000000003b3       0x34 c:/st/stm32cubeide_1.8.0/stm32cubeide/plugins/com.st.stm32cube.ide.mcu.externaltools.gnu-tools-for-stm32.10.3-2021.10.win32_1.0.200.202301161003/tools/bin/../lib/gcc/arm-none-eabi/10.3.1/../../../../arm-none-eabi/lib/thumb/v7e-m+fp/hard\libc_nano.a(lib_a-memcpy-stub.o)
 .ARM.attributes
                0x00000000000003e7       0x34 c:/st/stm32cubeide_1.8.0/stm32cubeide/plugins/com.st.stm32cube.ide.mcu.externaltools.gnu-tools-for-stm32.10.3-2021.10.win32_1.0.200.202301161003/tools/bin/../lib/gcc/arm-none-eabi/10.3.1/../../../../arm-none-eabi/lib/thumb/v7e-m+fp/hard\libc_nano.a(lib_a-memset.o)
 .ARM.attributes
                0x000000000000041b       0x1e c:/st/stm32cubeide_1.8.0/stm32cubeide/plugins/com.st.stm32cube.ide.mcu.externaltools.gnu-tools-for-stm32.10.3-2021.10.win32_1.0.200.202301161003/tools/bin/../lib/gcc/arm-none-eabi/10.3.1/thumb/v7e-m+fp/hard\libgcc.a(_aeabi_uldivmod.o)
 .ARM.attributes
                0x0000000000000439       0x34 c:/st/stm32cubeide_1.8.0/stm32cubeide/plugins/com.st.stm32cube.ide.mcu.externaltools.gnu-tools-for-stm32.10.3-2021.10.win32_1.0.200.202301161003/tools/bin/../lib/gcc/arm-none-eabi/10.3.1/thumb/v7e-m+fp/hard\libgcc.a(_udivmoddi4.o)
 .ARM.attributes
                0x000000000000046d       0x1e c:/st/stm32cubeide_1.8.0/stm32cubeide/plugins/com.st.stm32cube.ide.mcu.externaltools.gnu-tools-for-stm32.10.3-2021.10.win32_1.0.200.202301161003/tools/bin/../lib/gcc/arm-none-eabi/10.3.1/thumb/v7e-m+fp/hard\libgcc.a(_dvmd_tls.o)
 .ARM.attributes
                0x000000000000048b       0x1e c:/st/stm32cubeide_1.8.0/stm32cubeide/plugins/com.st.stm32cube.ide.mcu.externaltools.gnu-tools-for-stm32.10.3-2021.10.win32_1.0.200.202301161003/tools/bin/../lib/gcc/arm-none-eabi/10.3.1/thumb/v7e-m+fp/hard/crtn.o
OUTPUT(SimpleTransferPrtocolSLAVE.elf elf32-littlearm)
LOAD linker stubs
LOAD c:/st/stm32cubeide_1.8.0/stm32cubeide/plugins/com.st.stm32cube.ide.mcu.externaltools.gnu-tools-for-stm32.10.3-2021.10.win32_1.0.200.202301161003/tools/bin/../lib/gcc/arm-none-eabi/10.3.1/../../../../arm-none-eabi/lib/thumb/v7e-m+fp/hard\libc.a
LOAD c:/st/stm32cubeide_1.8.0/stm32cubeide/plugins/com.st.stm32cube.ide.mcu.externaltools.gnu-tools-for-stm32.10.3-2021.10.win32_1.0.200.202301161003/tools/bin/../lib/gcc/arm-none-eabi/10.3.1/../../../../arm-none-eabi/lib/thumb/v7e-m+fp/hard\libm.a
LOAD c:/st/stm32cubeide_1.8.0/stm32cubeide/plugins/com.st.stm32cube.ide.mcu.externaltools.gnu-tools-for-stm32.10.3-2021.10.win32_1.0.200.202301161003/tools/bin/../lib/gcc/arm-none-eabi/10.3.1/thumb/v7e-m+fp/hard\libgcc.a

.debug_info     0x0000000000000000     0xf07f
 .debug_info    0x0000000000000000      0x281 ./Core/STP/Src/Common_func.o
 .debug_info    0x0000000000000281      0x5d6 ./Core/STP/Src/STP_Slave.o
 .debug_info    0x0000000000000857     0x1625 ./Core/Src/main.o
 .debug_info    0x0000000000001e7c     0x1037 ./Core/Src/stm32f4xx_hal_msp.o
 .debug_info    0x0000000000002eb3      0xc9d ./Core/Src/stm32f4xx_hal_timebase_tim.o
 .debug_info    0x0000000000003b50      0x9d8 ./Core/Src/stm32f4xx_it.o
 .debug_info    0x0000000000004528      0x53f ./Core/Src/system_stm32f4xx.o
 .debug_info    0x0000000000004a67       0x22 ./Core/Startup/startup_stm32f429zitx.o
 .debug_info    0x0000000000004a89      0x9f4 ./Drivers/STM32F4xx_HAL_Driver/Src/stm32f4xx_hal.o
 .debug_info    0x000000000000547d      0xe51 ./Drivers/STM32F4xx_HAL_Driver/Src/stm32f4xx_hal_cortex.o
 .debug_info    0x00000000000062ce      0x94f ./Drivers/STM32F4xx_HAL_Driver/Src/stm32f4xx_hal_dma.o
 .debug_info    0x0000000000006c1d      0x786 ./Drivers/STM32F4xx_HAL_Driver/Src/stm32f4xx_hal_gpio.o
 .debug_info    0x00000000000073a3      0x982 ./Drivers/STM32F4xx_HAL_Driver/Src/stm32f4xx_hal_rcc.o
 .debug_info    0x0000000000007d25     0x2bbe ./Drivers/STM32F4xx_HAL_Driver/Src/stm32f4xx_hal_tim.o
 .debug_info    0x000000000000a8e3     0x15e0 ./Drivers/STM32F4xx_HAL_Driver/Src/stm32f4xx_hal_tim_ex.o
 .debug_info    0x000000000000bec3     0x31bc ./Drivers/STM32F4xx_HAL_Driver/Src/stm32f4xx_hal_uart.o

.debug_abbrev   0x0000000000000000     0x1f74
 .debug_abbrev  0x0000000000000000       0xcf ./Core/STP/Src/Common_func.o
 .debug_abbrev  0x00000000000000cf      0x17c ./Core/STP/Src/STP_Slave.o
 .debug_abbrev  0x000000000000024b      0x319 ./Core/Src/main.o
 .debug_abbrev  0x0000000000000564      0x1e8 ./Core/Src/stm32f4xx_hal_msp.o
 .debug_abbrev  0x000000000000074c      0x1e6 ./Core/Src/stm32f4xx_hal_timebase_tim.o
 .debug_abbrev  0x0000000000000932      0x178 ./Core/Src/stm32f4xx_it.o
 .debug_abbrev  0x0000000000000aaa      0x116 ./Core/Src/system_stm32f4xx.o
 .debug_abbrev  0x0000000000000bc0       0x12 ./Core/Startup/startup_stm32f429zitx.o
 .debug_abbrev  0x0000000000000bd2      0x20d ./Drivers/STM32F4xx_HAL_Driver/Src/stm32f4xx_hal.o
 .debug_abbrev  0x0000000000000ddf      0x316 ./Drivers/STM32F4xx_HAL_Driver/Src/stm32f4xx_hal_cortex.o
 .debug_abbrev  0x00000000000010f5      0x25b ./Drivers/STM32F4xx_HAL_Driver/Src/stm32f4xx_hal_dma.o
 .debug_abbrev  0x0000000000001350      0x1c4 ./Drivers/STM32F4xx_HAL_Driver/Src/stm32f4xx_hal_gpio.o
 .debug_abbrev  0x0000000000001514      0x2aa ./Drivers/STM32F4xx_HAL_Driver/Src/stm32f4xx_hal_rcc.o
 .debug_abbrev  0x00000000000017be      0x25d ./Drivers/STM32F4xx_HAL_Driver/Src/stm32f4xx_hal_tim.o
 .debug_abbrev  0x0000000000001a1b      0x265 ./Drivers/STM32F4xx_HAL_Driver/Src/stm32f4xx_hal_tim_ex.o
 .debug_abbrev  0x0000000000001c80      0x2f4 ./Drivers/STM32F4xx_HAL_Driver/Src/stm32f4xx_hal_uart.o

.debug_aranges  0x0000000000000000      0xce0
 .debug_aranges
                0x0000000000000000       0x20 ./Core/STP/Src/Common_func.o
 .debug_aranges
                0x0000000000000020       0x58 ./Core/STP/Src/STP_Slave.o
 .debug_aranges
                0x0000000000000078       0x78 ./Core/Src/main.o
 .debug_aranges
                0x00000000000000f0       0x40 ./Core/Src/stm32f4xx_hal_msp.o
 .debug_aranges
                0x0000000000000130       0x30 ./Core/Src/stm32f4xx_hal_timebase_tim.o
 .debug_aranges
                0x0000000000000160       0x70 ./Core/Src/stm32f4xx_it.o
 .debug_aranges
                0x00000000000001d0       0x28 ./Core/Src/system_stm32f4xx.o
 .debug_aranges
                0x00000000000001f8       0x28 ./Core/Startup/startup_stm32f429zitx.o
 .debug_aranges
                0x0000000000000220      0x100 ./Drivers/STM32F4xx_HAL_Driver/Src/stm32f4xx_hal.o
 .debug_aranges
                0x0000000000000320      0x118 ./Drivers/STM32F4xx_HAL_Driver/Src/stm32f4xx_hal_cortex.o
 .debug_aranges
                0x0000000000000438       0x90 ./Drivers/STM32F4xx_HAL_Driver/Src/stm32f4xx_hal_dma.o
 .debug_aranges
                0x00000000000004c8       0x58 ./Drivers/STM32F4xx_HAL_Driver/Src/stm32f4xx_hal_gpio.o
 .debug_aranges
                0x0000000000000520       0x88 ./Drivers/STM32F4xx_HAL_Driver/Src/stm32f4xx_hal_rcc.o
 .debug_aranges
                0x00000000000005a8      0x3d0 ./Drivers/STM32F4xx_HAL_Driver/Src/stm32f4xx_hal_tim.o
 .debug_aranges
                0x0000000000000978      0x168 ./Drivers/STM32F4xx_HAL_Driver/Src/stm32f4xx_hal_tim_ex.o
 .debug_aranges
                0x0000000000000ae0      0x200 ./Drivers/STM32F4xx_HAL_Driver/Src/stm32f4xx_hal_uart.o

.debug_ranges   0x0000000000000000      0xc18
 .debug_ranges  0x0000000000000000       0x10 ./Core/STP/Src/Common_func.o
 .debug_ranges  0x0000000000000010       0x48 ./Core/STP/Src/STP_Slave.o
 .debug_ranges  0x0000000000000058       0x68 ./Core/Src/main.o
 .debug_ranges  0x00000000000000c0       0x30 ./Core/Src/stm32f4xx_hal_msp.o
 .debug_ranges  0x00000000000000f0       0x20 ./Core/Src/stm32f4xx_hal_timebase_tim.o
 .debug_ranges  0x0000000000000110       0x60 ./Core/Src/stm32f4xx_it.o
 .debug_ranges  0x0000000000000170       0x18 ./Core/Src/system_stm32f4xx.o
 .debug_ranges  0x0000000000000188       0x20 ./Core/Startup/startup_stm32f429zitx.o
 .debug_ranges  0x00000000000001a8       0xf0 ./Drivers/STM32F4xx_HAL_Driver/Src/stm32f4xx_hal.o
 .debug_ranges  0x0000000000000298      0x108 ./Drivers/STM32F4xx_HAL_Driver/Src/stm32f4xx_hal_cortex.o
 .debug_ranges  0x00000000000003a0       0x80 ./Drivers/STM32F4xx_HAL_Driver/Src/stm32f4xx_hal_dma.o
 .debug_ranges  0x0000000000000420       0x48 ./Drivers/STM32F4xx_HAL_Driver/Src/stm32f4xx_hal_gpio.o
 .debug_ranges  0x0000000000000468       0x78 ./Drivers/STM32F4xx_HAL_Driver/Src/stm32f4xx_hal_rcc.o
 .debug_ranges  0x00000000000004e0      0x3c0 ./Drivers/STM32F4xx_HAL_Driver/Src/stm32f4xx_hal_tim.o
 .debug_ranges  0x00000000000008a0      0x158 ./Drivers/STM32F4xx_HAL_Driver/Src/stm32f4xx_hal_tim_ex.o
 .debug_ranges  0x00000000000009f8      0x220 ./Drivers/STM32F4xx_HAL_Driver/Src/stm32f4xx_hal_uart.o

.debug_macro    0x0000000000000000    0x23a76
 .debug_macro   0x0000000000000000      0x149 ./Core/STP/Src/Common_func.o
 .debug_macro   0x0000000000000149      0xa78 ./Core/STP/Src/Common_func.o
 .debug_macro   0x0000000000000bc1       0x76 ./Core/STP/Src/Common_func.o
 .debug_macro   0x0000000000000c37       0x22 ./Core/STP/Src/Common_func.o
 .debug_macro   0x0000000000000c59       0x8e ./Core/STP/Src/Common_func.o
 .debug_macro   0x0000000000000ce7       0x51 ./Core/STP/Src/Common_func.o
 .debug_macro   0x0000000000000d38      0x103 ./Core/STP/Src/Common_func.o
 .debug_macro   0x0000000000000e3b       0x6a ./Core/STP/Src/Common_func.o
 .debug_macro   0x0000000000000ea5      0x1df ./Core/STP/Src/Common_func.o
 .debug_macro   0x0000000000001084       0x52 ./Core/STP/Src/Common_func.o
 .debug_macro   0x00000000000010d6       0x1e ./Core/STP/Src/Common_func.o
 .debug_macro   0x00000000000010f4       0x3c ./Core/STP/Src/Common_func.o
 .debug_macro   0x0000000000001130       0x34 ./Core/STP/Src/Common_func.o
 .debug_macro   0x0000000000001164      0x174 ./Core/STP/Src/Common_func.o
 .debug_macro   0x00000000000012d8       0x16 ./Core/STP/Src/Common_func.o
 .debug_macro   0x00000000000012ee       0x43 ./Core/STP/Src/Common_func.o
 .debug_macro   0x0000000000001331       0x34 ./Core/STP/Src/Common_func.o
 .debug_macro   0x0000000000001365       0x10 ./Core/STP/Src/Common_func.o
 .debug_macro   0x0000000000001375       0x58 ./Core/STP/Src/Common_func.o
 .debug_macro   0x00000000000013cd       0x71 ./Core/STP/Src/Common_func.o
 .debug_macro   0x000000000000143e       0x1c ./Core/STP/Src/Common_func.o
 .debug_macro   0x000000000000145a      0x12a ./Core/STP/Src/Common_func.o
 .debug_macro   0x0000000000001584      0x341 ./Core/STP/Src/Common_func.o
 .debug_macro   0x00000000000018c5       0x10 ./Core/STP/Src/Common_func.o
 .debug_macro   0x00000000000018d5       0x35 ./Core/STP/Src/Common_func.o
 .debug_macro   0x000000000000190a       0x20 ./Core/STP/Src/Common_func.o
 .debug_macro   0x000000000000192a      0x149 ./Core/STP/Src/STP_Slave.o
 .debug_macro   0x0000000000001a73      0x2be ./Core/Src/main.o
 .debug_macro   0x0000000000001d31      0x29b ./Core/Src/main.o
 .debug_macro   0x0000000000001fcc       0x2e ./Core/Src/main.o
 .debug_macro   0x0000000000001ffa       0x28 ./Core/Src/main.o
 .debug_macro   0x0000000000002022       0x1c ./Core/Src/main.o
 .debug_macro   0x000000000000203e       0x22 ./Core/Src/main.o
 .debug_macro   0x0000000000002060       0xd9 ./Core/Src/main.o
 .debug_macro   0x0000000000002139     0x102d ./Core/Src/main.o
 .debug_macro   0x0000000000003166      0x11f ./Core/Src/main.o
 .debug_macro   0x0000000000003285    0x17fc0 ./Core/Src/main.o
 .debug_macro   0x000000000001b245       0x6d ./Core/Src/main.o
 .debug_macro   0x000000000001b2b2     0x36f5 ./Core/Src/main.o
 .debug_macro   0x000000000001e9a7       0x5c ./Core/Src/main.o
 .debug_macro   0x000000000001ea03      0xca5 ./Core/Src/main.o
 .debug_macro   0x000000000001f6a8      0x9fe ./Core/Src/main.o
 .debug_macro   0x00000000000200a6      0x115 ./Core/Src/main.o
 .debug_macro   0x00000000000201bb      0x156 ./Core/Src/main.o
 .debug_macro   0x0000000000020311       0xa5 ./Core/Src/main.o
 .debug_macro   0x00000000000203b6      0x182 ./Core/Src/main.o
 .debug_macro   0x0000000000020538      0x287 ./Core/Src/main.o
 .debug_macro   0x00000000000207bf       0x5f ./Core/Src/main.o
 .debug_macro   0x000000000002081e      0x236 ./Core/Src/main.o
 .debug_macro   0x0000000000020a54      0x132 ./Core/Src/main.o
 .debug_macro   0x0000000000020b86      0x41d ./Core/Src/main.o
 .debug_macro   0x0000000000020fa3       0x2e ./Core/Src/main.o
 .debug_macro   0x0000000000020fd1      0x11a ./Core/Src/main.o
 .debug_macro   0x00000000000210eb       0xe2 ./Core/Src/main.o
 .debug_macro   0x00000000000211cd       0x89 ./Core/Src/main.o
 .debug_macro   0x0000000000021256      0x8e6 ./Core/Src/main.o
 .debug_macro   0x0000000000021b3c       0x47 ./Core/Src/main.o
 .debug_macro   0x0000000000021b83      0x295 ./Core/Src/main.o
 .debug_macro   0x0000000000021e18      0x134 ./Core/Src/main.o
 .debug_macro   0x0000000000021f4c      0x4c8 ./Core/Src/main.o
 .debug_macro   0x0000000000022414      0x1dd ./Core/Src/stm32f4xx_hal_msp.o
 .debug_macro   0x00000000000225f1      0x1ce ./Core/Src/stm32f4xx_hal_timebase_tim.o
 .debug_macro   0x00000000000227bf      0x1e7 ./Core/Src/stm32f4xx_it.o
 .debug_macro   0x00000000000229a6      0x1ce ./Core/Src/system_stm32f4xx.o
 .debug_macro   0x0000000000022b74      0x22e ./Drivers/STM32F4xx_HAL_Driver/Src/stm32f4xx_hal.o
 .debug_macro   0x0000000000022da2      0x1ce ./Drivers/STM32F4xx_HAL_Driver/Src/stm32f4xx_hal_cortex.o
 .debug_macro   0x0000000000022f70      0x1d4 ./Drivers/STM32F4xx_HAL_Driver/Src/stm32f4xx_hal_dma.o
 .debug_macro   0x0000000000023144      0x1d4 ./Drivers/STM32F4xx_HAL_Driver/Src/stm32f4xx_hal_gpio.o
 .debug_macro   0x0000000000023318      0x1f2 ./Drivers/STM32F4xx_HAL_Driver/Src/stm32f4xx_hal_rcc.o
 .debug_macro   0x000000000002350a      0x1cf ./Drivers/STM32F4xx_HAL_Driver/Src/stm32f4xx_hal_tim.o
 .debug_macro   0x00000000000236d9      0x1ce ./Drivers/STM32F4xx_HAL_Driver/Src/stm32f4xx_hal_tim_ex.o
 .debug_macro   0x00000000000238a7      0x1cf ./Drivers/STM32F4xx_HAL_Driver/Src/stm32f4xx_hal_uart.o

.debug_line     0x0000000000000000     0xf1b8
 .debug_line    0x0000000000000000      0x5e5 ./Core/STP/Src/Common_func.o
 .debug_line    0x00000000000005e5      0x8fb ./Core/STP/Src/STP_Slave.o
 .debug_line    0x0000000000000ee0      0xc6e ./Core/Src/main.o
 .debug_line    0x0000000000001b4e      0x78a ./Core/Src/stm32f4xx_hal_msp.o
 .debug_line    0x00000000000022d8      0x73b ./Core/Src/stm32f4xx_hal_timebase_tim.o
 .debug_line    0x0000000000002a13      0x7ad ./Core/Src/stm32f4xx_it.o
 .debug_line    0x00000000000031c0      0x741 ./Core/Src/system_stm32f4xx.o
 .debug_line    0x0000000000003901       0x88 ./Core/Startup/startup_stm32f429zitx.o
 .debug_line    0x0000000000003989      0x9dd ./Drivers/STM32F4xx_HAL_Driver/Src/stm32f4xx_hal.o
 .debug_line    0x0000000000004366      0xc56 ./Drivers/STM32F4xx_HAL_Driver/Src/stm32f4xx_hal_cortex.o
 .debug_line    0x0000000000004fbc      0xf0b ./Drivers/STM32F4xx_HAL_Driver/Src/stm32f4xx_hal_dma.o
 .debug_line    0x0000000000005ec7      0xb43 ./Drivers/STM32F4xx_HAL_Driver/Src/stm32f4xx_hal_gpio.o
 .debug_line    0x0000000000006a0a      0xd23 ./Drivers/STM32F4xx_HAL_Driver/Src/stm32f4xx_hal_rcc.o
 .debug_line    0x000000000000772d     0x369b ./Drivers/STM32F4xx_HAL_Driver/Src/stm32f4xx_hal_tim.o
 .debug_line    0x000000000000adc8     0x19a4 ./Drivers/STM32F4xx_HAL_Driver/Src/stm32f4xx_hal_tim_ex.o
 .debug_line    0x000000000000c76c     0x2a4c ./Drivers/STM32F4xx_HAL_Driver/Src/stm32f4xx_hal_uart.o

.debug_str      0x0000000000000000    0xda15e
 .debug_str     0x0000000000000000     0x6e35 ./Core/STP/Src/Common_func.o
                                       0x702f (size before relaxing)
 .debug_str     0x0000000000006e35      0x197 ./Core/STP/Src/STP_Slave.o
                                       0x71b6 (size before relaxing)
 .debug_str     0x0000000000006fcc    0xd0120 ./Core/Src/main.o
                                      0xd739a (size before relaxing)
 .debug_str     0x00000000000d70ec      0x621 ./Core/Src/stm32f4xx_hal_msp.o
                                      0xd43bb (size before relaxing)
 .debug_str     0x00000000000d770d       0xf5 ./Core/Src/stm32f4xx_hal_timebase_tim.o
                                      0xd32f1 (size before relaxing)
 .debug_str     0x00000000000d7802      0x109 ./Core/Src/stm32f4xx_it.o
                                      0xd3d11 (size before relaxing)
 .debug_str     0x00000000000d790b       0xdb ./Core/Src/system_stm32f4xx.o
                                      0xd2796 (size before relaxing)
 .debug_str     0x00000000000d79e6       0x36 ./Core/Startup/startup_stm32f429zitx.o
                                         0x86 (size before relaxing)
 .debug_str     0x00000000000d7a1c      0x60e ./Drivers/STM32F4xx_HAL_Driver/Src/stm32f4xx_hal.o
                                      0xd33b9 (size before relaxing)
 .debug_str     0x00000000000d802a      0x32d ./Drivers/STM32F4xx_HAL_Driver/Src/stm32f4xx_hal_cortex.o
                                      0xd309e (size before relaxing)
 .debug_str     0x00000000000d8357      0x323 ./Drivers/STM32F4xx_HAL_Driver/Src/stm32f4xx_hal_dma.o
                                      0xd2b9d (size before relaxing)
 .debug_str     0x00000000000d867a      0x121 ./Drivers/STM32F4xx_HAL_Driver/Src/stm32f4xx_hal_gpio.o
                                      0xd2911 (size before relaxing)
 .debug_str     0x00000000000d879b      0x1fd ./Drivers/STM32F4xx_HAL_Driver/Src/stm32f4xx_hal_rcc.o
                                      0xd2bca (size before relaxing)
 .debug_str     0x00000000000d8998      0xda3 ./Drivers/STM32F4xx_HAL_Driver/Src/stm32f4xx_hal_tim.o
                                      0xd3afd (size before relaxing)
 .debug_str     0x00000000000d973b      0x493 ./Drivers/STM32F4xx_HAL_Driver/Src/stm32f4xx_hal_tim_ex.o
                                      0xd3319 (size before relaxing)
 .debug_str     0x00000000000d9bce      0x590 ./Drivers/STM32F4xx_HAL_Driver/Src/stm32f4xx_hal_uart.o
                                      0xd3156 (size before relaxing)

.comment        0x0000000000000000       0x50
 .comment       0x0000000000000000       0x50 ./Core/STP/Src/Common_func.o
                                         0x51 (size before relaxing)
 .comment       0x0000000000000050       0x51 ./Core/STP/Src/STP_Slave.o
 .comment       0x0000000000000050       0x51 ./Core/Src/main.o
 .comment       0x0000000000000050       0x51 ./Core/Src/stm32f4xx_hal_msp.o
 .comment       0x0000000000000050       0x51 ./Core/Src/stm32f4xx_hal_timebase_tim.o
 .comment       0x0000000000000050       0x51 ./Core/Src/stm32f4xx_it.o
 .comment       0x0000000000000050       0x51 ./Core/Src/system_stm32f4xx.o
 .comment       0x0000000000000050       0x51 ./Drivers/STM32F4xx_HAL_Driver/Src/stm32f4xx_hal.o
 .comment       0x0000000000000050       0x51 ./Drivers/STM32F4xx_HAL_Driver/Src/stm32f4xx_hal_cortex.o
 .comment       0x0000000000000050       0x51 ./Drivers/STM32F4xx_HAL_Driver/Src/stm32f4xx_hal_dma.o
 .comment       0x0000000000000050       0x51 ./Drivers/STM32F4xx_HAL_Driver/Src/stm32f4xx_hal_gpio.o
 .comment       0x0000000000000050       0x51 ./Drivers/STM32F4xx_HAL_Driver/Src/stm32f4xx_hal_rcc.o
 .comment       0x0000000000000050       0x51 ./Drivers/STM32F4xx_HAL_Driver/Src/stm32f4xx_hal_tim.o
 .comment       0x0000000000000050       0x51 ./Drivers/STM32F4xx_HAL_Driver/Src/stm32f4xx_hal_tim_ex.o
 .comment       0x0000000000000050       0x51 ./Drivers/STM32F4xx_HAL_Driver/Src/stm32f4xx_hal_uart.o

.debug_frame    0x0000000000000000     0x35fc
 .debug_frame   0x0000000000000000       0x38 ./Core/STP/Src/Common_func.o
 .debug_frame   0x0000000000000038      0x158 ./Core/STP/Src/STP_Slave.o
 .debug_frame   0x0000000000000190      0x1b8 ./Core/Src/main.o
 .debug_frame   0x0000000000000348       0xd0 ./Core/Src/stm32f4xx_hal_msp.o
 .debug_frame   0x0000000000000418       0x74 ./Core/Src/stm32f4xx_hal_timebase_tim.o
 .debug_frame   0x000000000000048c      0x140 ./Core/Src/stm32f4xx_it.o
 .debug_frame   0x00000000000005cc       0x58 ./Core/Src/system_stm32f4xx.o
 .debug_frame   0x0000000000000624      0x3b4 ./Drivers/STM32F4xx_HAL_Driver/Src/stm32f4xx_hal.o
 .debug_frame   0x00000000000009d8      0x498 ./Drivers/STM32F4xx_HAL_Driver/Src/stm32f4xx_hal_cortex.o
 .debug_frame   0x0000000000000e70      0x250 ./Drivers/STM32F4xx_HAL_Driver/Src/stm32f4xx_hal_dma.o
 .debug_frame   0x00000000000010c0      0x14c ./Drivers/STM32F4xx_HAL_Driver/Src/stm32f4xx_hal_gpio.o
 .debug_frame   0x000000000000120c      0x1f4 ./Drivers/STM32F4xx_HAL_Driver/Src/stm32f4xx_hal_rcc.o
 .debug_frame   0x0000000000001400     0x11c4 ./Drivers/STM32F4xx_HAL_Driver/Src/stm32f4xx_hal_tim.o
 .debug_frame   0x00000000000025c4      0x638 ./Drivers/STM32F4xx_HAL_Driver/Src/stm32f4xx_hal_tim_ex.o
 .debug_frame   0x0000000000002bfc      0x92c ./Drivers/STM32F4xx_HAL_Driver/Src/stm32f4xx_hal_uart.o
 .debug_frame   0x0000000000003528       0x2c c:/st/stm32cubeide_1.8.0/stm32cubeide/plugins/com.st.stm32cube.ide.mcu.externaltools.gnu-tools-for-stm32.10.3-2021.10.win32_1.0.200.202301161003/tools/bin/../lib/gcc/arm-none-eabi/10.3.1/../../../../arm-none-eabi/lib/thumb/v7e-m+fp/hard\libc_nano.a(lib_a-init.o)
 .debug_frame   0x0000000000003554       0x28 c:/st/stm32cubeide_1.8.0/stm32cubeide/plugins/com.st.stm32cube.ide.mcu.externaltools.gnu-tools-for-stm32.10.3-2021.10.win32_1.0.200.202301161003/tools/bin/../lib/gcc/arm-none-eabi/10.3.1/../../../../arm-none-eabi/lib/thumb/v7e-m+fp/hard\libc_nano.a(lib_a-memcpy-stub.o)
 .debug_frame   0x000000000000357c       0x20 c:/st/stm32cubeide_1.8.0/stm32cubeide/plugins/com.st.stm32cube.ide.mcu.externaltools.gnu-tools-for-stm32.10.3-2021.10.win32_1.0.200.202301161003/tools/bin/../lib/gcc/arm-none-eabi/10.3.1/../../../../arm-none-eabi/lib/thumb/v7e-m+fp/hard\libc_nano.a(lib_a-memset.o)
 .debug_frame   0x000000000000359c       0x2c c:/st/stm32cubeide_1.8.0/stm32cubeide/plugins/com.st.stm32cube.ide.mcu.externaltools.gnu-tools-for-stm32.10.3-2021.10.win32_1.0.200.202301161003/tools/bin/../lib/gcc/arm-none-eabi/10.3.1/thumb/v7e-m+fp/hard\libgcc.a(_aeabi_uldivmod.o)
 .debug_frame   0x00000000000035c8       0x34 c:/st/stm32cubeide_1.8.0/stm32cubeide/plugins/com.st.stm32cube.ide.mcu.externaltools.gnu-tools-for-stm32.10.3-2021.10.win32_1.0.200.202301161003/tools/bin/../lib/gcc/arm-none-eabi/10.3.1/thumb/v7e-m+fp/hard\libgcc.a(_udivmoddi4.o)
